

================================================================
== Vivado HLS Report for 'scalef'
================================================================
* Date:           Sat May 15 13:54:35 2021

* Version:        2019.1 (Build 2552052 on Fri May 24 15:28:33 MDT 2019)
* Project:        imageprosseing
* Solution:       scalefactorlatency
* Product family: zynq
* Target device:  xc7z020-clg484-1


================================================================
== Performance Estimates
================================================================
+ Timing (ns): 
    * Summary: 
    +--------+-------+----------+------------+
    |  Clock | Target| Estimated| Uncertainty|
    +--------+-------+----------+------------+
    |ap_clk  |  10.00|     7.701|        1.25|
    +--------+-------+----------+------------+

+ Latency (clock cycles): 
    * Summary: 
    +--------+--------+--------+--------+---------+
    |     Latency     |     Interval    | Pipeline|
    |   min  |   max  |   min  |   max  |   Type  |
    +--------+--------+--------+--------+---------+
    |  160201|  160201|  160201|  160201|   none  |
    +--------+--------+--------+--------+---------+

    + Detail: 
        * Instance: 
        N/A

        * Loop: 
        +----------+--------+--------+----------+-----------+-----------+------+----------+
        |          |     Latency     | Iteration|  Initiation Interval  | Trip |          |
        | Loop Name|   min  |   max  |  Latency |  achieved |   target  | Count| Pipelined|
        +----------+--------+--------+----------+-----------+-----------+------+----------+
        |- row     |  160200|  160200|      1602|          -|          -|   100|    no    |
        | + col    |    1600|    1600|        16|          -|          -|   100|    no    |
        +----------+--------+--------+----------+-----------+-----------+------+----------+



================================================================
== Utilization Estimates
================================================================
* Summary: 
+-----------------+---------+-------+--------+-------+-----+
|       Name      | BRAM_18K| DSP48E|   FF   |  LUT  | URAM|
+-----------------+---------+-------+--------+-------+-----+
|DSP              |        -|      -|       -|      -|    -|
|Expression       |        -|      -|       0|    866|    -|
|FIFO             |        -|      -|       -|      -|    -|
|Instance         |        -|      9|     753|   1298|    -|
|Memory           |        -|      -|       -|      -|    -|
|Multiplexer      |        -|      -|       -|    120|    -|
|Register         |        -|      -|     281|      -|    -|
+-----------------+---------+-------+--------+-------+-----+
|Total            |        0|      9|    1034|   2284|    0|
+-----------------+---------+-------+--------+-------+-----+
|Available        |      280|    220|  106400|  53200|    0|
+-----------------+---------+-------+--------+-------+-----+
|Utilization (%)  |        0|      4|   ~0   |      4|    0|
+-----------------+---------+-------+--------+-------+-----+

+ Detail: 
    * Instance: 
    +-------------------------+----------------------+---------+-------+-----+-----+-----+
    |         Instance        |        Module        | BRAM_18K| DSP48E|  FF | LUT | URAM|
    +-------------------------+----------------------+---------+-------+-----+-----+-----+
    |scalef_dmul_64ns_bkb_U1  |scalef_dmul_64ns_bkb  |        0|      9|  341|  653|    0|
    |scalef_sitodp_32ncud_U2  |scalef_sitodp_32ncud  |        0|      0|  412|  645|    0|
    +-------------------------+----------------------+---------+-------+-----+-----+-----+
    |Total                    |                      |        0|      9|  753| 1298|    0|
    +-------------------------+----------------------+---------+-------+-----+-----+-----+

    * DSP48E: 
    N/A

    * Memory: 
    N/A

    * FIFO: 
    N/A

    * Expression: 
    +----------------------+----------+-------+---+-----+------------+------------+
    |     Variable Name    | Operation| DSP48E| FF| LUT | Bitwidth P0| Bitwidth P1|
    +----------------------+----------+-------+---+-----+------------+------------+
    |add_ln20_fu_146_p2    |     +    |      0|  0|   19|          14|           7|
    |add_ln24_fu_180_p2    |     +    |      0|  0|   19|          14|          14|
    |add_ln502_fu_234_p2   |     +    |      0|  0|   12|          11|          12|
    |i_fu_158_p2           |     +    |      0|  0|   15|           7|           1|
    |j_fu_170_p2           |     +    |      0|  0|   15|           7|           1|
    |result_V_1_fu_320_p2  |     -    |      0|  0|   39|           1|          32|
    |sub_ln1311_fu_248_p2  |     -    |      0|  0|   13|          10|          11|
    |icmp_ln20_fu_152_p2   |   icmp   |      0|  0|   11|           7|           6|
    |icmp_ln22_fu_164_p2   |   icmp   |      0|  0|   11|           7|           6|
    |r_V_fu_278_p2         |   lshr   |      0|  0|  162|          54|          54|
    |bs_d0                 |  select  |      0|  0|   32|           1|          32|
    |p_Val2_5_fu_312_p3    |  select  |      0|  0|   32|           1|          32|
    |ush_fu_258_p3         |  select  |      0|  0|   12|           1|          12|
    |r_V_1_fu_284_p2       |    shl   |      0|  0|  474|         137|         137|
    +----------------------+----------+-------+---+-----+------------+------------+
    |Total                 |          |      0|  0|  866|         272|         357|
    +----------------------+----------+-------+---+-----+------------+------------+

    * Multiplexer: 
    +-----------------+----+-----------+-----+-----------+
    |       Name      | LUT| Input Size| Bits| Total Bits|
    +-----------------+----+-----------+-----+-----------+
    |ap_NS_fsm        |  93|         19|    1|         19|
    |i_0_reg_104      |   9|          2|    7|         14|
    |j_0_reg_127      |   9|          2|    7|         14|
    |phi_mul_reg_115  |   9|          2|   14|         28|
    +-----------------+----+-----------+-----+-----------+
    |Total            | 120|         25|   29|         75|
    +-----------------+----+-----------+-----+-----------+

    * Register: 
    +---------------------+----+----+-----+-----------+
    |         Name        | FF | LUT| Bits| Const Bits|
    +---------------------+----+----+-----+-----------+
    |add_ln20_reg_332     |  14|   0|   14|          0|
    |ap_CS_fsm            |  18|   0|   18|          0|
    |as_load_reg_363      |  32|   0|   32|          0|
    |i_0_reg_104          |   7|   0|    7|          0|
    |i_reg_340            |   7|   0|    7|          0|
    |j_0_reg_127          |   7|   0|    7|          0|
    |j_reg_348            |   7|   0|    7|          0|
    |p_Result_s_reg_378   |   1|   0|    1|          0|
    |p_Val2_5_reg_383     |  32|   0|   32|          0|
    |phi_mul_reg_115      |  14|   0|   14|          0|
    |tmp_reg_368          |  64|   0|   64|          0|
    |x_assign_reg_373     |  64|   0|   64|          0|
    |zext_ln24_1_reg_353  |  14|   0|   64|         50|
    +---------------------+----+----+-----+-----------+
    |Total                | 281|   0|  331|         50|
    +---------------------+----+----+-----+-----------+



================================================================
== Interface
================================================================
* Summary: 
+-------------+-----+-----+------------+--------------+--------------+
|  RTL Ports  | Dir | Bits|  Protocol  | Source Object|    C Type    |
+-------------+-----+-----+------------+--------------+--------------+
|ap_clk       |  in |    1| ap_ctrl_hs |    scalef    | return value |
|ap_rst       |  in |    1| ap_ctrl_hs |    scalef    | return value |
|ap_start     |  in |    1| ap_ctrl_hs |    scalef    | return value |
|ap_done      | out |    1| ap_ctrl_hs |    scalef    | return value |
|ap_idle      | out |    1| ap_ctrl_hs |    scalef    | return value |
|ap_ready     | out |    1| ap_ctrl_hs |    scalef    | return value |
|as_address0  | out |   14|  ap_memory |      as      |     array    |
|as_ce0       | out |    1|  ap_memory |      as      |     array    |
|as_q0        |  in |   32|  ap_memory |      as      |     array    |
|bs_address0  | out |   14|  ap_memory |      bs      |     array    |
|bs_ce0       | out |    1|  ap_memory |      bs      |     array    |
|bs_we0       | out |    1|  ap_memory |      bs      |     array    |
|bs_d0        | out |   32|  ap_memory |      bs      |     array    |
+-------------+-----+-----+------------+--------------+--------------+

