

================================================================
== Vivado HLS Report for 'compressf'
================================================================
* Date:           Sat May 15 17:19:32 2021

* Version:        2019.1 (Build 2552052 on Fri May 24 15:28:33 MDT 2019)
* Project:        imageprosseing
* Solution:       compressionpipe
* Product family: zynq
* Target device:  xc7z020-clg484-1


================================================================
== Performance Estimates
================================================================
+ Timing (ns): 
    * Summary: 
    +--------+-------+----------+------------+
    |  Clock | Target| Estimated| Uncertainty|
    +--------+-------+----------+------------+
    |ap_clk  |  10.00|     6.775|        1.25|
    +--------+-------+----------+------------+

+ Latency (clock cycles): 
    * Summary: 
    +------+------+------+------+---------+
    |   Latency   |   Interval  | Pipeline|
    |  min |  max |  min |  max |   Type  |
    +------+------+------+------+---------+
    |  2506|  2506|  2506|  2506|   none  |
    +------+------+------+------+---------+

    + Detail: 
        * Instance: 
        N/A

        * Loop: 
        +-------------+------+------+----------+-----------+-----------+------+----------+
        |             |   Latency   | Iteration|  Initiation Interval  | Trip |          |
        |  Loop Name  |  min |  max |  Latency |  achieved |   target  | Count| Pipelined|
        +-------------+------+------+----------+-----------+-----------+------+----------+
        |- row1_col1  |  1251|  1251|         4|          2|          2|   625|    yes   |
        |- row        |  1251|  1251|         4|          2|          2|   625|    yes   |
        +-------------+------+------+----------+-----------+-----------+------+----------+



================================================================
== Utilization Estimates
================================================================
* Summary: 
+-----------------+---------+-------+--------+-------+-----+
|       Name      | BRAM_18K| DSP48E|   FF   |  LUT  | URAM|
+-----------------+---------+-------+--------+-------+-----+
|DSP              |        -|      1|       -|      -|    -|
|Expression       |        -|      0|       0|    522|    -|
|FIFO             |        -|      -|       -|      -|    -|
|Instance         |        -|      -|       -|      -|    -|
|Memory           |        2|      -|       0|      0|    0|
|Multiplexer      |        -|      -|       -|    290|    -|
|Register         |        -|      -|     393|      -|    -|
+-----------------+---------+-------+--------+-------+-----+
|Total            |        2|      1|     393|    812|    0|
+-----------------+---------+-------+--------+-------+-----+
|Available        |      280|    220|  106400|  53200|    0|
+-----------------+---------+-------+--------+-------+-----+
|Utilization (%)  |    ~0   |   ~0  |   ~0   |      1|    0|
+-----------------+---------+-------+--------+-------+-----+

+ Detail: 
    * Instance: 
    N/A

    * DSP48E: 
    +-------------------------+----------------------+--------------+
    |         Instance        |        Module        |  Expression  |
    +-------------------------+----------------------+--------------+
    |compressf_mac_mulbkb_U1  |compressf_mac_mulbkb  | i0 + i1 * i2 |
    +-------------------------+----------------------+--------------+

    * Memory: 
    +----------+------------------+---------+---+----+-----+------+-----+------+-------------+
    |  Memory  |      Module      | BRAM_18K| FF| LUT| URAM| Words| Bits| Banks| W*Bits*Banks|
    +----------+------------------+---------+---+----+-----+------+-----+------+-------------+
    |odoarr_U  |compressf_odoarr  |        2|  0|   0|    0|   625|   32|     1|        20000|
    +----------+------------------+---------+---+----+-----+------+-----+------+-------------+
    |Total     |                  |        2|  0|   0|    0|   625|   32|     1|        20000|
    +----------+------------------+---------+---+----+-----+------+-----+------+-------------+

    * FIFO: 
    N/A

    * Expression: 
    +--------------------------+----------+-------+---+----+------------+------------+
    |       Variable Name      | Operation| DSP48E| FF| LUT| Bitwidth P0| Bitwidth P1|
    +--------------------------+----------+-------+---+----+------------+------------+
    |mul_ln218_fu_302_p2       |     *    |      0|  0|  17|           5|           5|
    |add_ln211_fu_244_p2       |     +    |      0|  0|  14|          10|           1|
    |add_ln218_fu_344_p2       |     +    |      0|  0|  14|          10|          10|
    |add_ln219_1_fu_262_p2     |     +    |      0|  0|  14|          10|           5|
    |add_ln219_fu_354_p2       |     +    |      0|  0|  14|          10|           1|
    |add_ln220_1_fu_375_p2     |     +    |      0|  0|  14|          10|          10|
    |add_ln237_fu_443_p2       |     +    |      0|  0|  13|          11|           2|
    |add_ln241_fu_469_p2       |     +    |      0|  0|  39|          32|           1|
    |count_fu_502_p2           |     +    |      0|  0|  39|          32|           1|
    |cp_fu_487_p2              |     +    |      0|  0|  39|          32|           2|
    |i_2_fu_417_p2             |     +    |      0|  0|  14|          10|           1|
    |i_fu_256_p2               |     +    |      0|  0|  15|           5|           1|
    |j_fu_385_p2               |     +    |      0|  0|  15|           5|           1|
    |sub_ln220_fu_359_p2       |     -    |      0|  0|  15|           5|           5|
    |icmp_ln211_fu_238_p2      |   icmp   |      0|  0|  13|          10|          10|
    |icmp_ln214_fu_268_p2      |   icmp   |      0|  0|  11|           5|           4|
    |icmp_ln220_1_fu_314_p2    |   icmp   |      0|  0|  18|          32|           1|
    |icmp_ln220_fu_308_p2      |   icmp   |      0|  0|  18|          32|           1|
    |icmp_ln228_fu_411_p2      |   icmp   |      0|  0|  13|          10|          10|
    |icmp_ln232_fu_437_p2      |   icmp   |      0|  0|  18|          32|          32|
    |icmp_ln237_fu_456_p2      |   icmp   |      0|  0|  18|          32|          32|
    |select_ln211_1_fu_328_p3  |  select  |      0|  0|  32|           1|          32|
    |select_ln211_fu_320_p3    |  select  |      0|  0|  10|           1|          10|
    |select_ln220_1_fu_282_p3  |  select  |      0|  0|   5|           1|           1|
    |select_ln220_2_fu_290_p3  |  select  |      0|  0|   5|           1|           5|
    |select_ln220_3_fu_336_p3  |  select  |      0|  0|   2|           1|           1|
    |select_ln220_4_fu_364_p3  |  select  |      0|  0|   5|           1|           5|
    |select_ln220_fu_274_p3    |  select  |      0|  0|  10|           1|          10|
    |select_ln243_fu_479_p3    |  select  |      0|  0|  32|           1|          32|
    |ap_enable_pp0             |    xor   |      0|  0|   2|           1|           2|
    |ap_enable_pp1             |    xor   |      0|  0|   2|           1|           2|
    |x_fu_250_p2               |    xor   |      0|  0|  32|          32|           1|
    +--------------------------+----------+-------+---+----+------------+------------+
    |Total                     |          |      0|  0| 522|         382|         237|
    +--------------------------+----------+-------+---+----+------------+------------+

    * Multiplexer: 
    +-----------------------------------------+----+-----------+-----+-----------+
    |                   Name                  | LUT| Input Size| Bits| Total Bits|
    +-----------------------------------------+----+-----------+-----+-----------+
    |ap_NS_fsm                                |  41|          8|    1|          8|
    |ap_enable_reg_pp0_iter1                  |   9|          2|    1|          2|
    |ap_enable_reg_pp1_iter1                  |   9|          2|    1|          2|
    |ap_phi_mux_i_0_phi_fu_187_p4             |   9|          2|    5|         10|
    |ap_phi_mux_i_1_phi_fu_231_p4             |   9|          2|   10|         20|
    |ap_phi_mux_indvar_flatten_phi_fu_165_p4  |   9|          2|   10|         20|
    |ap_phi_mux_j_0_phi_fu_220_p4             |   9|          2|    5|         10|
    |ap_phi_mux_k_0_phi_fu_176_p4             |   9|          2|   10|         20|
    |ap_phi_mux_k_1_phi_fu_209_p4             |   9|          2|   10|         20|
    |ap_phi_mux_x_0_phi_fu_198_p4             |   9|          2|   32|         64|
    |bs_address0                              |  15|          3|   10|         30|
    |bs_d0                                    |  15|          3|   32|         96|
    |count_1_fu_62                            |  15|          3|   32|         96|
    |cp_1_fu_66                               |   9|          2|   32|         64|
    |i_0_reg_183                              |   9|          2|    5|         10|
    |i_1_reg_227                              |   9|          2|   10|         20|
    |indvar_flatten_reg_161                   |   9|          2|   10|         20|
    |j_0_reg_216                              |   9|          2|    5|         10|
    |k_0_reg_172                              |   9|          2|   10|         20|
    |k_1_reg_205                              |   9|          2|   10|         20|
    |odoarr_address0                          |  21|          4|   10|         40|
    |odoarr_address1                          |  15|          3|   10|         30|
    |odoarr_d0                                |  15|          3|   32|         96|
    |x_0_reg_194                              |   9|          2|   32|         64|
    +-----------------------------------------+----+-----------+-----+-----------+
    |Total                                    | 290|         61|  325|        792|
    +-----------------------------------------+----+-----------+-----+-----------+

    * Register: 
    +----------------------------------+----+----+-----+-----------+
    |               Name               | FF | LUT| Bits| Const Bits|
    +----------------------------------+----+----+-----+-----------+
    |add_ln211_reg_524                 |  10|   0|   10|          0|
    |add_ln219_reg_590                 |  10|   0|   10|          0|
    |add_ln220_reg_610                 |  10|   0|   10|          0|
    |ap_CS_fsm                         |   7|   0|    7|          0|
    |ap_enable_reg_pp0_iter0           |   1|   0|    1|          0|
    |ap_enable_reg_pp0_iter1           |   1|   0|    1|          0|
    |ap_enable_reg_pp1_iter0           |   1|   0|    1|          0|
    |ap_enable_reg_pp1_iter1           |   1|   0|    1|          0|
    |as_load_1_reg_605                 |  32|   0|   32|          0|
    |count_1_fu_62                     |  32|   0|   32|          0|
    |cp_1_fu_66                        |  32|   0|   32|          0|
    |cp_1_load_reg_669                 |  32|   0|   32|          0|
    |i_0_reg_183                       |   5|   0|    5|          0|
    |i_1_reg_227                       |  10|   0|   10|          0|
    |i_2_reg_634                       |  10|   0|   10|          0|
    |icmp_ln211_reg_520                |   1|   0|    1|          0|
    |icmp_ln211_reg_520_pp0_iter1_reg  |   1|   0|    1|          0|
    |icmp_ln214_reg_529                |   1|   0|    1|          0|
    |icmp_ln220_1_reg_565              |   1|   0|    1|          0|
    |icmp_ln220_reg_560                |   1|   0|    1|          0|
    |icmp_ln228_reg_630                |   1|   0|    1|          0|
    |icmp_ln232_reg_660                |   1|   0|    1|          0|
    |icmp_ln237_reg_675                |   1|   0|    1|          0|
    |indvar_flatten_reg_161            |  10|   0|   10|          0|
    |j_0_reg_216                       |   5|   0|    5|          0|
    |j_reg_600                         |   5|   0|    5|          0|
    |k_0_reg_172                       |  10|   0|   10|          0|
    |k_1_reg_205                       |  10|   0|   10|          0|
    |mul_ln218_reg_554                 |  10|   0|   10|          0|
    |odoarr_load_1_reg_654             |  32|   0|   32|          0|
    |select_ln211_1_reg_575            |  32|   0|   32|          0|
    |select_ln211_reg_570              |  10|   0|   10|          0|
    |select_ln220_1_reg_540            |   5|   0|    5|          0|
    |select_ln220_2_reg_548            |   5|   0|    5|          0|
    |select_ln220_reg_534              |  10|   0|   10|          0|
    |x_0_reg_194                       |  32|   0|   32|          0|
    |zext_ln214_reg_580                |   5|   0|   10|          5|
    |zext_ln228_reg_639                |  10|   0|   11|          1|
    +----------------------------------+----+----+-----+-----------+
    |Total                             | 393|   0|  399|          6|
    +----------------------------------+----+----+-----+-----------+



================================================================
== Interface
================================================================
* Summary: 
+-------------+-----+-----+------------+--------------+--------------+
|  RTL Ports  | Dir | Bits|  Protocol  | Source Object|    C Type    |
+-------------+-----+-----+------------+--------------+--------------+
|ap_clk       |  in |    1| ap_ctrl_hs |   compressf  | return value |
|ap_rst       |  in |    1| ap_ctrl_hs |   compressf  | return value |
|ap_start     |  in |    1| ap_ctrl_hs |   compressf  | return value |
|ap_done      | out |    1| ap_ctrl_hs |   compressf  | return value |
|ap_idle      | out |    1| ap_ctrl_hs |   compressf  | return value |
|ap_ready     | out |    1| ap_ctrl_hs |   compressf  | return value |
|as_address0  | out |   10|  ap_memory |      as      |     array    |
|as_ce0       | out |    1|  ap_memory |      as      |     array    |
|as_q0        |  in |   32|  ap_memory |      as      |     array    |
|as_address1  | out |   10|  ap_memory |      as      |     array    |
|as_ce1       | out |    1|  ap_memory |      as      |     array    |
|as_q1        |  in |   32|  ap_memory |      as      |     array    |
|bs_address0  | out |   10|  ap_memory |      bs      |     array    |
|bs_ce0       | out |    1|  ap_memory |      bs      |     array    |
|bs_we0       | out |    1|  ap_memory |      bs      |     array    |
|bs_d0        | out |   32|  ap_memory |      bs      |     array    |
+-------------+-----+-----+------------+--------------+--------------+

