00:59:00 **** Incremental Build of configuration Debug for project atm3mp1 ****
make all 
make --no-print-directory pre-build
a9-linaro-pre-build-step
' '
make --no-print-directory main-build
'Building file: ../src/helloworld.c'
'Invoking: ARM v7 gcc compiler'
arm-none-eabi-gcc -Wall -O0 -g3 -c -fmessage-length=0 -MT"src/helloworld.o" -mcpu=cortex-a9 -mfpu=vfpv3 -mfloat-abi=hard -IC:/Users/raoja/Desktop/uni/520/minip1/design_1_wrapperatm2/export/design_1_wrapperatm2/sw/design_1_wrapperatm2/standalone_domain/bspinclude/include -MMD -MP -MF"src/helloworld.d" -MT"src/helloworld.o" -o "src/helloworld.o" "../src/helloworld.c"
../src/helloworld.c: In function 'main':
../src/helloworld.c:19:12: warning: unused variable 'g' [-Wunused-variable]
  int i,k,x,g;
            ^
'Finished building: ../src/helloworld.c'
' '
'Building target: atm3mp1.elf'
'Invoking: ARM v7 gcc linker'
arm-none-eabi-gcc -mcpu=cortex-a9 -mfpu=vfpv3 -mfloat-abi=hard -Wl,-build-id=none -specs=Xilinx.spec -Wl,-T -Wl,../src/lscript.ld -LC:/Users/raoja/Desktop/uni/520/minip1/design_1_wrapperatm2/export/design_1_wrapperatm2/sw/design_1_wrapperatm2/standalone_domain/bsplib/lib -o "atm3mp1.elf"  ./src/helloworld.o ./src/platform.o   -Wl,--start-group,-lxil,-lgcc,-lc,--end-group
'Finished building target: atm3mp1.elf'
' '
'Invoking: ARM v7 Print Size'
arm-none-eabi-size atm3mp1.elf  |tee "atm3mp1.elf.size"
   text	   data	    bss	    dec	    hex	filename
  29812	   1544	  23256	  54612	   d554	atm3mp1.elf
'Finished building: atm3mp1.elf.size'
' '

00:59:02 Build Finished (took 2s.123ms)

