03:44:33 **** Build of configuration Debug for project minip1hw ****
make all 
make --no-print-directory pre-build
a9-linaro-pre-build-step
' '
make --no-print-directory main-build
'Building file: ../src/helloworld.c'
'Invoking: ARM v7 gcc compiler'
arm-none-eabi-gcc -Wall -O0 -g3 -c -fmessage-length=0 -MT"src/helloworld.o" -mcpu=cortex-a9 -mfpu=vfpv3 -mfloat-abi=hard -IC:/Users/raoja/Desktop/uni/520/minip1/design_1_wrapperatm2/export/design_1_wrapperatm2/sw/design_1_wrapperatm2/standalone_domain/bspinclude/include -MMD -MP -MF"src/helloworld.d" -MT"src/helloworld.o" -o "src/helloworld.o" "../src/helloworld.c"
'Finished building: ../src/helloworld.c'
' '
'Building file: ../src/platform.c'
'Invoking: ARM v7 gcc compiler'
arm-none-eabi-gcc -Wall -O0 -g3 -c -fmessage-length=0 -MT"src/platform.o" -mcpu=cortex-a9 -mfpu=vfpv3 -mfloat-abi=hard -IC:/Users/raoja/Desktop/uni/520/minip1/design_1_wrapperatm2/export/design_1_wrapperatm2/sw/design_1_wrapperatm2/standalone_domain/bspinclude/include -MMD -MP -MF"src/platform.d" -MT"src/platform.o" -o "src/platform.o" "../src/platform.c"
'Finished building: ../src/platform.c'
' '
'Building target: minip1hw.elf'
'Invoking: ARM v7 gcc linker'
arm-none-eabi-gcc -mcpu=cortex-a9 -mfpu=vfpv3 -mfloat-abi=hard -Wl,-build-id=none -specs=Xilinx.spec -Wl,-T -Wl,../src/lscript.ld -LC:/Users/raoja/Desktop/uni/520/minip1/design_1_wrapperatm2/export/design_1_wrapperatm2/sw/design_1_wrapperatm2/standalone_domain/bsplib/lib -o "minip1hw.elf"  ./src/helloworld.o ./src/platform.o   -Wl,--start-group,-lxil,-lgcc,-lc,--end-group
'Finished building target: minip1hw.elf'
' '
'Invoking: ARM v7 Print Size'
arm-none-eabi-size minip1hw.elf  |tee "minip1hw.elf.size"
   text	   data	    bss	    dec	    hex	filename
  18844	   1144	  22568	  42556	   a63c	minip1hw.elf
'Finished building: minip1hw.elf.size'
' '

03:44:35 Build Finished (took 2s.343ms)

