

================================================================
== Vivado HLS Report for 'binaryf'
================================================================
* Date:           Sat May 15 04:52:54 2021

* Version:        2019.1 (Build 2552052 on Fri May 24 15:28:33 MDT 2019)
* Project:        imageprosseing
* Solution:       binarypipe
* Product family: zynq
* Target device:  xc7z020-clg484-1


================================================================
== Performance Estimates
================================================================
+ Timing (ns): 
    * Summary: 
    +--------+-------+----------+------------+
    |  Clock | Target| Estimated| Uncertainty|
    +--------+-------+----------+------------+
    |ap_clk  |  10.00|     5.727|        1.25|
    +--------+-------+----------+------------+

+ Latency (clock cycles): 
    * Summary: 
    +------+------+------+------+---------+
    |   Latency   |   Interval  | Pipeline|
    |  min |  max |  min |  max |   Type  |
    +------+------+------+------+---------+
    |  5003|  5003|  5003|  5003|   none  |
    +------+------+------+------+---------+

    + Detail: 
        * Instance: 
        N/A

        * Loop: 
        +----------+------+------+----------+-----------+-----------+------+----------+
        |          |   Latency   | Iteration|  Initiation Interval  | Trip |          |
        | Loop Name|  min |  max |  Latency |  achieved |   target  | Count| Pipelined|
        +----------+------+------+----------+-----------+-----------+------+----------+
        |- Row     |  5001|  5001|        52|         50|          4|   100|    yes   |
        +----------+------+------+----------+-----------+-----------+------+----------+



================================================================
== Utilization Estimates
================================================================
* Summary: 
+-----------------+---------+-------+--------+-------+-----+
|       Name      | BRAM_18K| DSP48E|   FF   |  LUT  | URAM|
+-----------------+---------+-------+--------+-------+-----+
|DSP              |        -|      -|       -|      -|    -|
|Expression       |        -|      -|       0|   1949|    -|
|FIFO             |        -|      -|       -|      -|    -|
|Instance         |        -|      -|       -|      -|    -|
|Memory           |        -|      -|       -|      -|    -|
|Multiplexer      |        -|      -|       -|   1600|    -|
|Register         |        -|      -|    1594|      -|    -|
+-----------------+---------+-------+--------+-------+-----+
|Total            |        0|      0|    1594|   3549|    0|
+-----------------+---------+-------+--------+-------+-----+
|Available        |      280|    220|  106400|  53200|    0|
+-----------------+---------+-------+--------+-------+-----+
|Utilization (%)  |        0|      0|       1|      6|    0|
+-----------------+---------+-------+--------+-------+-----+

+ Detail: 
    * Instance: 
    N/A

    * DSP48E: 
    N/A

    * Memory: 
    N/A

    * FIFO: 
    N/A

    * Expression: 
    +------------------------+----------+-------+---+----+------------+------------+
    |      Variable Name     | Operation| DSP48E| FF| LUT| Bitwidth P0| Bitwidth P1|
    +------------------------+----------+-------+---+----+------------+------------+
    |add_ln47_10_fu_2097_p2  |     +    |      0|  0|  19|          14|           4|
    |add_ln47_11_fu_2108_p2  |     +    |      0|  0|  19|          14|           4|
    |add_ln47_12_fu_2127_p2  |     +    |      0|  0|  19|          14|           5|
    |add_ln47_13_fu_2138_p2  |     +    |      0|  0|  19|          14|           5|
    |add_ln47_14_fu_2157_p2  |     +    |      0|  0|  19|          14|           5|
    |add_ln47_15_fu_2168_p2  |     +    |      0|  0|  19|          14|           5|
    |add_ln47_16_fu_2187_p2  |     +    |      0|  0|  19|          14|           5|
    |add_ln47_17_fu_2198_p2  |     +    |      0|  0|  19|          14|           5|
    |add_ln47_18_fu_2217_p2  |     +    |      0|  0|  19|          14|           5|
    |add_ln47_19_fu_2228_p2  |     +    |      0|  0|  19|          14|           5|
    |add_ln47_1_fu_1958_p2   |     +    |      0|  0|  19|          14|           3|
    |add_ln47_20_fu_2247_p2  |     +    |      0|  0|  19|          14|           5|
    |add_ln47_21_fu_2258_p2  |     +    |      0|  0|  19|          14|           5|
    |add_ln47_22_fu_2277_p2  |     +    |      0|  0|  19|          14|           5|
    |add_ln47_23_fu_2288_p2  |     +    |      0|  0|  19|          14|           5|
    |add_ln47_24_fu_2307_p2  |     +    |      0|  0|  19|          14|           5|
    |add_ln47_25_fu_2318_p2  |     +    |      0|  0|  19|          14|           5|
    |add_ln47_26_fu_2337_p2  |     +    |      0|  0|  19|          14|           5|
    |add_ln47_27_fu_2348_p2  |     +    |      0|  0|  19|          14|           5|
    |add_ln47_28_fu_2367_p2  |     +    |      0|  0|  19|          14|           6|
    |add_ln47_29_fu_2378_p2  |     +    |      0|  0|  19|          14|           6|
    |add_ln47_2_fu_1977_p2   |     +    |      0|  0|  19|          14|           3|
    |add_ln47_30_fu_2397_p2  |     +    |      0|  0|  19|          14|           6|
    |add_ln47_31_fu_2408_p2  |     +    |      0|  0|  19|          14|           6|
    |add_ln47_32_fu_2427_p2  |     +    |      0|  0|  19|          14|           6|
    |add_ln47_33_fu_2438_p2  |     +    |      0|  0|  19|          14|           6|
    |add_ln47_34_fu_2457_p2  |     +    |      0|  0|  19|          14|           6|
    |add_ln47_35_fu_2468_p2  |     +    |      0|  0|  19|          14|           6|
    |add_ln47_36_fu_2487_p2  |     +    |      0|  0|  19|          14|           6|
    |add_ln47_37_fu_2498_p2  |     +    |      0|  0|  19|          14|           6|
    |add_ln47_38_fu_2517_p2  |     +    |      0|  0|  19|          14|           6|
    |add_ln47_39_fu_2528_p2  |     +    |      0|  0|  19|          14|           6|
    |add_ln47_3_fu_1988_p2   |     +    |      0|  0|  19|          14|           3|
    |add_ln47_40_fu_2547_p2  |     +    |      0|  0|  19|          14|           6|
    |add_ln47_41_fu_2558_p2  |     +    |      0|  0|  19|          14|           6|
    |add_ln47_42_fu_2577_p2  |     +    |      0|  0|  19|          14|           6|
    |add_ln47_43_fu_2588_p2  |     +    |      0|  0|  19|          14|           6|
    |add_ln47_44_fu_2607_p2  |     +    |      0|  0|  19|          14|           6|
    |add_ln47_45_fu_2618_p2  |     +    |      0|  0|  19|          14|           6|
    |add_ln47_46_fu_2637_p2  |     +    |      0|  0|  19|          14|           6|
    |add_ln47_47_fu_2648_p2  |     +    |      0|  0|  19|          14|           6|
    |add_ln47_48_fu_2667_p2  |     +    |      0|  0|  19|          14|           6|
    |add_ln47_49_fu_2678_p2  |     +    |      0|  0|  19|          14|           6|
    |add_ln47_4_fu_2007_p2   |     +    |      0|  0|  19|          14|           4|
    |add_ln47_50_fu_2697_p2  |     +    |      0|  0|  19|          14|           6|
    |add_ln47_51_fu_2708_p2  |     +    |      0|  0|  19|          14|           6|
    |add_ln47_52_fu_2727_p2  |     +    |      0|  0|  19|          14|           6|
    |add_ln47_53_fu_2738_p2  |     +    |      0|  0|  19|          14|           6|
    |add_ln47_54_fu_2757_p2  |     +    |      0|  0|  19|          14|           6|
    |add_ln47_55_fu_2768_p2  |     +    |      0|  0|  19|          14|           6|
    |add_ln47_56_fu_2787_p2  |     +    |      0|  0|  19|          14|           6|
    |add_ln47_57_fu_2798_p2  |     +    |      0|  0|  19|          14|           6|
    |add_ln47_58_fu_2817_p2  |     +    |      0|  0|  19|          14|           6|
    |add_ln47_59_fu_2828_p2  |     +    |      0|  0|  19|          14|           6|
    |add_ln47_5_fu_2018_p2   |     +    |      0|  0|  19|          14|           4|
    |add_ln47_60_fu_2847_p2  |     +    |      0|  0|  19|          14|           7|
    |add_ln47_61_fu_2858_p2  |     +    |      0|  0|  19|          14|           7|
    |add_ln47_62_fu_2877_p2  |     +    |      0|  0|  19|          14|           7|
    |add_ln47_63_fu_2888_p2  |     +    |      0|  0|  19|          14|           7|
    |add_ln47_64_fu_2907_p2  |     +    |      0|  0|  19|          14|           7|
    |add_ln47_65_fu_2918_p2  |     +    |      0|  0|  19|          14|           7|
    |add_ln47_66_fu_2937_p2  |     +    |      0|  0|  19|          14|           7|
    |add_ln47_67_fu_2948_p2  |     +    |      0|  0|  19|          14|           7|
    |add_ln47_68_fu_2967_p2  |     +    |      0|  0|  19|          14|           7|
    |add_ln47_69_fu_2978_p2  |     +    |      0|  0|  19|          14|           7|
    |add_ln47_6_fu_2037_p2   |     +    |      0|  0|  19|          14|           4|
    |add_ln47_70_fu_2997_p2  |     +    |      0|  0|  19|          14|           7|
    |add_ln47_71_fu_3008_p2  |     +    |      0|  0|  19|          14|           7|
    |add_ln47_72_fu_3027_p2  |     +    |      0|  0|  19|          14|           7|
    |add_ln47_73_fu_3038_p2  |     +    |      0|  0|  19|          14|           7|
    |add_ln47_74_fu_3057_p2  |     +    |      0|  0|  19|          14|           7|
    |add_ln47_75_fu_3068_p2  |     +    |      0|  0|  19|          14|           7|
    |add_ln47_76_fu_3087_p2  |     +    |      0|  0|  19|          14|           7|
    |add_ln47_77_fu_3098_p2  |     +    |      0|  0|  19|          14|           7|
    |add_ln47_78_fu_3117_p2  |     +    |      0|  0|  19|          14|           7|
    |add_ln47_79_fu_3128_p2  |     +    |      0|  0|  19|          14|           7|
    |add_ln47_7_fu_2048_p2   |     +    |      0|  0|  19|          14|           4|
    |add_ln47_80_fu_3147_p2  |     +    |      0|  0|  19|          14|           7|
    |add_ln47_81_fu_3158_p2  |     +    |      0|  0|  19|          14|           7|
    |add_ln47_82_fu_3177_p2  |     +    |      0|  0|  19|          14|           7|
    |add_ln47_83_fu_3188_p2  |     +    |      0|  0|  19|          14|           7|
    |add_ln47_84_fu_3207_p2  |     +    |      0|  0|  19|          14|           7|
    |add_ln47_85_fu_3218_p2  |     +    |      0|  0|  19|          14|           7|
    |add_ln47_86_fu_3237_p2  |     +    |      0|  0|  19|          14|           7|
    |add_ln47_87_fu_3248_p2  |     +    |      0|  0|  19|          14|           7|
    |add_ln47_88_fu_3267_p2  |     +    |      0|  0|  19|          14|           7|
    |add_ln47_89_fu_3278_p2  |     +    |      0|  0|  19|          14|           7|
    |add_ln47_8_fu_2067_p2   |     +    |      0|  0|  19|          14|           4|
    |add_ln47_90_fu_3297_p2  |     +    |      0|  0|  19|          14|           7|
    |add_ln47_91_fu_3308_p2  |     +    |      0|  0|  19|          14|           7|
    |add_ln47_92_fu_3327_p2  |     +    |      0|  0|  19|          14|           7|
    |add_ln47_93_fu_3338_p2  |     +    |      0|  0|  19|          14|           7|
    |add_ln47_94_fu_3363_p2  |     +    |      0|  0|  19|          14|           7|
    |add_ln47_95_fu_3374_p2  |     +    |      0|  0|  19|          14|           7|
    |add_ln47_96_fu_3357_p2  |     +    |      0|  0|  19|          14|           7|
    |add_ln47_9_fu_2078_p2   |     +    |      0|  0|  19|          14|           4|
    |add_ln47_fu_1947_p2     |     +    |      0|  0|  19|          14|           3|
    |i_fu_1908_p2            |     +    |      0|  0|  15|           7|           1|
    |grp_fu_1885_p2          |   icmp   |      0|  0|  18|          32|           8|
    |grp_fu_1891_p2          |   icmp   |      0|  0|  18|          32|           8|
    |icmp_ln43_fu_1902_p2    |   icmp   |      0|  0|  11|           7|           6|
    |or_ln47_1_fu_1925_p2    |    or    |      0|  0|  14|          14|           2|
    |or_ln47_2_fu_1936_p2    |    or    |      0|  0|  14|          14|           2|
    |or_ln47_fu_1914_p2      |    or    |      0|  0|  14|          14|           1|
    |ap_enable_pp0           |    xor   |      0|  0|   2|           1|           2|
    +------------------------+----------+-------+---+----+------------+------------+
    |Total                   |          |      0|  0|1949|        1479|         605|
    +------------------------+----------+-------+---+----+------------+------------+

    * Multiplexer: 
    +-----------------------------------+-----+-----------+-----+-----------+
    |                Name               | LUT | Input Size| Bits| Total Bits|
    +-----------------------------------+-----+-----------+-----+-----------+
    |a_address0                         |  221|         51|   14|        714|
    |a_address1                         |  221|         51|   14|        714|
    |ap_NS_fsm                          |  229|         53|    1|         53|
    |ap_enable_reg_pp0_iter1            |    9|          2|    1|          2|
    |ap_phi_mux_i_0_phi_fu_1866_p4      |    9|          2|    7|         14|
    |ap_phi_mux_phi_mul_phi_fu_1877_p4  |    9|          2|   14|         28|
    |b_address0                         |  221|         51|   14|        714|
    |b_address1                         |  221|         51|   14|        714|
    |b_d0                               |  221|         51|   32|       1632|
    |b_d1                               |  221|         51|   32|       1632|
    |i_0_reg_1862                       |    9|          2|    7|         14|
    |phi_mul_reg_1873                   |    9|          2|   14|         28|
    +-----------------------------------+-----+-----------+-----+-----------+
    |Total                              | 1600|        369|  164|       6259|
    +-----------------------------------+-----+-----------+-----+-----------+

    * Register: 
    +----------------------------------+----+----+-----+-----------+
    |               Name               | FF | LUT| Bits| Const Bits|
    +----------------------------------+----+----+-----+-----------+
    |add_ln47_96_reg_4878              |  14|   0|   14|          0|
    |ap_CS_fsm                         |  52|   0|   52|          0|
    |ap_enable_reg_pp0_iter0           |   1|   0|    1|          0|
    |ap_enable_reg_pp0_iter1           |   1|   0|    1|          0|
    |i_0_reg_1862                      |   7|   0|    7|          0|
    |i_reg_3418                        |   7|   0|    7|          0|
    |icmp_ln43_reg_3414                |   1|   0|    1|          0|
    |icmp_ln43_reg_3414_pp0_iter1_reg  |   1|   0|    1|          0|
    |icmp_ln47_10_reg_3608             |   1|   0|    1|          0|
    |icmp_ln47_11_reg_3613             |   1|   0|    1|          0|
    |icmp_ln47_12_reg_3638             |   1|   0|    1|          0|
    |icmp_ln47_13_reg_3643             |   1|   0|    1|          0|
    |icmp_ln47_14_reg_3668             |   1|   0|    1|          0|
    |icmp_ln47_15_reg_3673             |   1|   0|    1|          0|
    |icmp_ln47_16_reg_3698             |   1|   0|    1|          0|
    |icmp_ln47_17_reg_3703             |   1|   0|    1|          0|
    |icmp_ln47_18_reg_3728             |   1|   0|    1|          0|
    |icmp_ln47_19_reg_3733             |   1|   0|    1|          0|
    |icmp_ln47_1_reg_3463              |   1|   0|    1|          0|
    |icmp_ln47_20_reg_3758             |   1|   0|    1|          0|
    |icmp_ln47_21_reg_3763             |   1|   0|    1|          0|
    |icmp_ln47_22_reg_3788             |   1|   0|    1|          0|
    |icmp_ln47_23_reg_3793             |   1|   0|    1|          0|
    |icmp_ln47_24_reg_3818             |   1|   0|    1|          0|
    |icmp_ln47_25_reg_3823             |   1|   0|    1|          0|
    |icmp_ln47_26_reg_3848             |   1|   0|    1|          0|
    |icmp_ln47_27_reg_3853             |   1|   0|    1|          0|
    |icmp_ln47_28_reg_3878             |   1|   0|    1|          0|
    |icmp_ln47_29_reg_3883             |   1|   0|    1|          0|
    |icmp_ln47_2_reg_3488              |   1|   0|    1|          0|
    |icmp_ln47_30_reg_3908             |   1|   0|    1|          0|
    |icmp_ln47_31_reg_3913             |   1|   0|    1|          0|
    |icmp_ln47_32_reg_3938             |   1|   0|    1|          0|
    |icmp_ln47_33_reg_3943             |   1|   0|    1|          0|
    |icmp_ln47_34_reg_3968             |   1|   0|    1|          0|
    |icmp_ln47_35_reg_3973             |   1|   0|    1|          0|
    |icmp_ln47_36_reg_3998             |   1|   0|    1|          0|
    |icmp_ln47_37_reg_4003             |   1|   0|    1|          0|
    |icmp_ln47_38_reg_4028             |   1|   0|    1|          0|
    |icmp_ln47_39_reg_4033             |   1|   0|    1|          0|
    |icmp_ln47_3_reg_3493              |   1|   0|    1|          0|
    |icmp_ln47_40_reg_4058             |   1|   0|    1|          0|
    |icmp_ln47_41_reg_4063             |   1|   0|    1|          0|
    |icmp_ln47_42_reg_4088             |   1|   0|    1|          0|
    |icmp_ln47_43_reg_4093             |   1|   0|    1|          0|
    |icmp_ln47_44_reg_4118             |   1|   0|    1|          0|
    |icmp_ln47_45_reg_4123             |   1|   0|    1|          0|
    |icmp_ln47_46_reg_4148             |   1|   0|    1|          0|
    |icmp_ln47_47_reg_4153             |   1|   0|    1|          0|
    |icmp_ln47_48_reg_4178             |   1|   0|    1|          0|
    |icmp_ln47_49_reg_4183             |   1|   0|    1|          0|
    |icmp_ln47_4_reg_3518              |   1|   0|    1|          0|
    |icmp_ln47_50_reg_4208             |   1|   0|    1|          0|
    |icmp_ln47_51_reg_4213             |   1|   0|    1|          0|
    |icmp_ln47_52_reg_4238             |   1|   0|    1|          0|
    |icmp_ln47_53_reg_4243             |   1|   0|    1|          0|
    |icmp_ln47_54_reg_4268             |   1|   0|    1|          0|
    |icmp_ln47_55_reg_4273             |   1|   0|    1|          0|
    |icmp_ln47_56_reg_4298             |   1|   0|    1|          0|
    |icmp_ln47_57_reg_4303             |   1|   0|    1|          0|
    |icmp_ln47_58_reg_4328             |   1|   0|    1|          0|
    |icmp_ln47_59_reg_4333             |   1|   0|    1|          0|
    |icmp_ln47_5_reg_3523              |   1|   0|    1|          0|
    |icmp_ln47_60_reg_4358             |   1|   0|    1|          0|
    |icmp_ln47_61_reg_4363             |   1|   0|    1|          0|
    |icmp_ln47_62_reg_4388             |   1|   0|    1|          0|
    |icmp_ln47_63_reg_4393             |   1|   0|    1|          0|
    |icmp_ln47_64_reg_4418             |   1|   0|    1|          0|
    |icmp_ln47_65_reg_4423             |   1|   0|    1|          0|
    |icmp_ln47_66_reg_4448             |   1|   0|    1|          0|
    |icmp_ln47_67_reg_4453             |   1|   0|    1|          0|
    |icmp_ln47_68_reg_4478             |   1|   0|    1|          0|
    |icmp_ln47_69_reg_4483             |   1|   0|    1|          0|
    |icmp_ln47_6_reg_3548              |   1|   0|    1|          0|
    |icmp_ln47_70_reg_4508             |   1|   0|    1|          0|
    |icmp_ln47_71_reg_4513             |   1|   0|    1|          0|
    |icmp_ln47_72_reg_4538             |   1|   0|    1|          0|
    |icmp_ln47_73_reg_4543             |   1|   0|    1|          0|
    |icmp_ln47_74_reg_4568             |   1|   0|    1|          0|
    |icmp_ln47_75_reg_4573             |   1|   0|    1|          0|
    |icmp_ln47_76_reg_4598             |   1|   0|    1|          0|
    |icmp_ln47_77_reg_4603             |   1|   0|    1|          0|
    |icmp_ln47_78_reg_4628             |   1|   0|    1|          0|
    |icmp_ln47_79_reg_4633             |   1|   0|    1|          0|
    |icmp_ln47_7_reg_3553              |   1|   0|    1|          0|
    |icmp_ln47_80_reg_4658             |   1|   0|    1|          0|
    |icmp_ln47_81_reg_4663             |   1|   0|    1|          0|
    |icmp_ln47_82_reg_4688             |   1|   0|    1|          0|
    |icmp_ln47_83_reg_4693             |   1|   0|    1|          0|
    |icmp_ln47_84_reg_4718             |   1|   0|    1|          0|
    |icmp_ln47_85_reg_4723             |   1|   0|    1|          0|
    |icmp_ln47_86_reg_4748             |   1|   0|    1|          0|
    |icmp_ln47_87_reg_4753             |   1|   0|    1|          0|
    |icmp_ln47_88_reg_4778             |   1|   0|    1|          0|
    |icmp_ln47_89_reg_4783             |   1|   0|    1|          0|
    |icmp_ln47_8_reg_3578              |   1|   0|    1|          0|
    |icmp_ln47_90_reg_4808             |   1|   0|    1|          0|
    |icmp_ln47_91_reg_4813             |   1|   0|    1|          0|
    |icmp_ln47_92_reg_4838             |   1|   0|    1|          0|
    |icmp_ln47_93_reg_4843             |   1|   0|    1|          0|
    |icmp_ln47_94_reg_4868             |   1|   0|    1|          0|
    |icmp_ln47_95_reg_4873             |   1|   0|    1|          0|
    |icmp_ln47_96_reg_4903             |   1|   0|    1|          0|
    |icmp_ln47_97_reg_4908             |   1|   0|    1|          0|
    |icmp_ln47_98_reg_4913             |   1|   0|    1|          0|
    |icmp_ln47_99_reg_4918             |   1|   0|    1|          0|
    |icmp_ln47_9_reg_3583              |   1|   0|    1|          0|
    |icmp_ln47_reg_3458                |   1|   0|    1|          0|
    |phi_mul_reg_1873                  |  14|   0|   14|          0|
    |zext_ln43_reg_3409                |  14|   0|   64|         50|
    |zext_ln47_101_reg_3438            |  13|   0|   64|         51|
    |zext_ln47_102_reg_3448            |  12|   0|   64|         52|
    |zext_ln47_103_reg_3468            |  14|   0|   64|         50|
    |zext_ln47_104_reg_3478            |  14|   0|   64|         50|
    |zext_ln47_105_reg_3498            |  14|   0|   64|         50|
    |zext_ln47_106_reg_3508            |  14|   0|   64|         50|
    |zext_ln47_107_reg_3528            |  14|   0|   64|         50|
    |zext_ln47_108_reg_3538            |  14|   0|   64|         50|
    |zext_ln47_109_reg_3558            |  14|   0|   64|         50|
    |zext_ln47_110_reg_3568            |  14|   0|   64|         50|
    |zext_ln47_111_reg_3588            |  14|   0|   64|         50|
    |zext_ln47_112_reg_3598            |  14|   0|   64|         50|
    |zext_ln47_113_reg_3618            |  14|   0|   64|         50|
    |zext_ln47_114_reg_3628            |  14|   0|   64|         50|
    |zext_ln47_115_reg_3648            |  14|   0|   64|         50|
    |zext_ln47_116_reg_3658            |  14|   0|   64|         50|
    |zext_ln47_117_reg_3678            |  14|   0|   64|         50|
    |zext_ln47_118_reg_3688            |  14|   0|   64|         50|
    |zext_ln47_119_reg_3708            |  14|   0|   64|         50|
    |zext_ln47_120_reg_3718            |  14|   0|   64|         50|
    |zext_ln47_121_reg_3738            |  14|   0|   64|         50|
    |zext_ln47_122_reg_3748            |  14|   0|   64|         50|
    |zext_ln47_123_reg_3768            |  14|   0|   64|         50|
    |zext_ln47_124_reg_3778            |  14|   0|   64|         50|
    |zext_ln47_125_reg_3798            |  14|   0|   64|         50|
    |zext_ln47_126_reg_3808            |  14|   0|   64|         50|
    |zext_ln47_127_reg_3828            |  14|   0|   64|         50|
    |zext_ln47_128_reg_3838            |  14|   0|   64|         50|
    |zext_ln47_129_reg_3858            |  14|   0|   64|         50|
    |zext_ln47_130_reg_3868            |  14|   0|   64|         50|
    |zext_ln47_131_reg_3888            |  14|   0|   64|         50|
    |zext_ln47_132_reg_3898            |  14|   0|   64|         50|
    |zext_ln47_133_reg_3918            |  14|   0|   64|         50|
    |zext_ln47_134_reg_3928            |  14|   0|   64|         50|
    |zext_ln47_135_reg_3948            |  14|   0|   64|         50|
    |zext_ln47_136_reg_3958            |  14|   0|   64|         50|
    |zext_ln47_137_reg_3978            |  14|   0|   64|         50|
    |zext_ln47_138_reg_3988            |  14|   0|   64|         50|
    |zext_ln47_139_reg_4008            |  14|   0|   64|         50|
    |zext_ln47_140_reg_4018            |  14|   0|   64|         50|
    |zext_ln47_141_reg_4038            |  14|   0|   64|         50|
    |zext_ln47_142_reg_4048            |  14|   0|   64|         50|
    |zext_ln47_143_reg_4068            |  14|   0|   64|         50|
    |zext_ln47_144_reg_4078            |  14|   0|   64|         50|
    |zext_ln47_145_reg_4098            |  14|   0|   64|         50|
    |zext_ln47_146_reg_4108            |  14|   0|   64|         50|
    |zext_ln47_147_reg_4128            |  14|   0|   64|         50|
    |zext_ln47_148_reg_4138            |  14|   0|   64|         50|
    |zext_ln47_149_reg_4158            |  14|   0|   64|         50|
    |zext_ln47_150_reg_4168            |  14|   0|   64|         50|
    |zext_ln47_151_reg_4188            |  14|   0|   64|         50|
    |zext_ln47_152_reg_4198            |  14|   0|   64|         50|
    |zext_ln47_153_reg_4218            |  14|   0|   64|         50|
    |zext_ln47_154_reg_4228            |  14|   0|   64|         50|
    |zext_ln47_155_reg_4248            |  14|   0|   64|         50|
    |zext_ln47_156_reg_4258            |  14|   0|   64|         50|
    |zext_ln47_157_reg_4278            |  14|   0|   64|         50|
    |zext_ln47_158_reg_4288            |  14|   0|   64|         50|
    |zext_ln47_159_reg_4308            |  14|   0|   64|         50|
    |zext_ln47_160_reg_4318            |  14|   0|   64|         50|
    |zext_ln47_161_reg_4338            |  14|   0|   64|         50|
    |zext_ln47_162_reg_4348            |  14|   0|   64|         50|
    |zext_ln47_163_reg_4368            |  14|   0|   64|         50|
    |zext_ln47_164_reg_4378            |  14|   0|   64|         50|
    |zext_ln47_165_reg_4398            |  14|   0|   64|         50|
    |zext_ln47_166_reg_4408            |  14|   0|   64|         50|
    |zext_ln47_167_reg_4428            |  14|   0|   64|         50|
    |zext_ln47_168_reg_4438            |  14|   0|   64|         50|
    |zext_ln47_169_reg_4458            |  14|   0|   64|         50|
    |zext_ln47_170_reg_4468            |  14|   0|   64|         50|
    |zext_ln47_171_reg_4488            |  14|   0|   64|         50|
    |zext_ln47_172_reg_4498            |  14|   0|   64|         50|
    |zext_ln47_173_reg_4518            |  14|   0|   64|         50|
    |zext_ln47_174_reg_4528            |  14|   0|   64|         50|
    |zext_ln47_175_reg_4548            |  14|   0|   64|         50|
    |zext_ln47_176_reg_4558            |  14|   0|   64|         50|
    |zext_ln47_177_reg_4578            |  14|   0|   64|         50|
    |zext_ln47_178_reg_4588            |  14|   0|   64|         50|
    |zext_ln47_179_reg_4608            |  14|   0|   64|         50|
    |zext_ln47_180_reg_4618            |  14|   0|   64|         50|
    |zext_ln47_181_reg_4638            |  14|   0|   64|         50|
    |zext_ln47_182_reg_4648            |  14|   0|   64|         50|
    |zext_ln47_183_reg_4668            |  14|   0|   64|         50|
    |zext_ln47_184_reg_4678            |  14|   0|   64|         50|
    |zext_ln47_185_reg_4698            |  14|   0|   64|         50|
    |zext_ln47_186_reg_4708            |  14|   0|   64|         50|
    |zext_ln47_187_reg_4728            |  14|   0|   64|         50|
    |zext_ln47_188_reg_4738            |  14|   0|   64|         50|
    |zext_ln47_189_reg_4758            |  14|   0|   64|         50|
    |zext_ln47_190_reg_4768            |  14|   0|   64|         50|
    |zext_ln47_191_reg_4788            |  14|   0|   64|         50|
    |zext_ln47_192_reg_4798            |  14|   0|   64|         50|
    |zext_ln47_193_reg_4818            |  14|   0|   64|         50|
    |zext_ln47_194_reg_4828            |  14|   0|   64|         50|
    |zext_ln47_195_reg_4848            |  14|   0|   64|         50|
    |zext_ln47_196_reg_4858            |  14|   0|   64|         50|
    |zext_ln47_197_reg_4883            |  14|   0|   64|         50|
    |zext_ln47_198_reg_4893            |  14|   0|   64|         50|
    |zext_ln47_reg_3428                |  13|   0|   64|         51|
    +----------------------------------+----+----+-----+-----------+
    |Total                             |1594|   0| 6598|       5004|
    +----------------------------------+----+----+-----+-----------+



================================================================
== Interface
================================================================
* Summary: 
+------------+-----+-----+------------+--------------+--------------+
|  RTL Ports | Dir | Bits|  Protocol  | Source Object|    C Type    |
+------------+-----+-----+------------+--------------+--------------+
|ap_clk      |  in |    1| ap_ctrl_hs |    binaryf   | return value |
|ap_rst      |  in |    1| ap_ctrl_hs |    binaryf   | return value |
|ap_start    |  in |    1| ap_ctrl_hs |    binaryf   | return value |
|ap_done     | out |    1| ap_ctrl_hs |    binaryf   | return value |
|ap_idle     | out |    1| ap_ctrl_hs |    binaryf   | return value |
|ap_ready    | out |    1| ap_ctrl_hs |    binaryf   | return value |
|a_address0  | out |   14|  ap_memory |       a      |     array    |
|a_ce0       | out |    1|  ap_memory |       a      |     array    |
|a_q0        |  in |   32|  ap_memory |       a      |     array    |
|a_address1  | out |   14|  ap_memory |       a      |     array    |
|a_ce1       | out |    1|  ap_memory |       a      |     array    |
|a_q1        |  in |   32|  ap_memory |       a      |     array    |
|b_address0  | out |   14|  ap_memory |       b      |     array    |
|b_ce0       | out |    1|  ap_memory |       b      |     array    |
|b_we0       | out |    1|  ap_memory |       b      |     array    |
|b_d0        | out |   32|  ap_memory |       b      |     array    |
|b_address1  | out |   14|  ap_memory |       b      |     array    |
|b_ce1       | out |    1|  ap_memory |       b      |     array    |
|b_we1       | out |    1|  ap_memory |       b      |     array    |
|b_d1        | out |   32|  ap_memory |       b      |     array    |
+------------+-----+-----+------------+--------------+--------------+

