

================================================================
== Vivado HLS Report for 'binaryf'
================================================================
* Date:           Sat May 15 05:27:47 2021

* Version:        2019.1 (Build 2552052 on Fri May 24 15:28:33 MDT 2019)
* Project:        imageprosseing
* Solution:       binarylatency
* Product family: zynq
* Target device:  xc7z020-clg484-1


================================================================
== Performance Estimates
================================================================
+ Timing (ns): 
    * Summary: 
    +--------+-------+----------+------------+
    |  Clock | Target| Estimated| Uncertainty|
    +--------+-------+----------+------------+
    |ap_clk  |  10.00|     8.981|        1.25|
    +--------+-------+----------+------------+

+ Latency (clock cycles): 
    * Summary: 
    +-------+-------+-------+-------+---------+
    |    Latency    |    Interval   | Pipeline|
    |  min  |  max  |  min  |  max  |   Type  |
    +-------+-------+-------+-------+---------+
    |  20201|  20201|  20201|  20201|   none  |
    +-------+-------+-------+-------+---------+

    + Detail: 
        * Instance: 
        N/A

        * Loop: 
        +----------+-------+-------+----------+-----------+-----------+------+----------+
        |          |    Latency    | Iteration|  Initiation Interval  | Trip |          |
        | Loop Name|  min  |  max  |  Latency |  achieved |   target  | Count| Pipelined|
        +----------+-------+-------+----------+-----------+-----------+------+----------+
        |- Row     |  20200|  20200|       202|          -|          -|   100|    no    |
        | + Col    |    200|    200|         2|          -|          -|   100|    no    |
        +----------+-------+-------+----------+-----------+-----------+------+----------+



================================================================
== Utilization Estimates
================================================================
* Summary: 
+-----------------+---------+-------+--------+-------+-----+
|       Name      | BRAM_18K| DSP48E|   FF   |  LUT  | URAM|
+-----------------+---------+-------+--------+-------+-----+
|DSP              |        -|      -|       -|      -|    -|
|Expression       |        -|      -|       0|    108|    -|
|FIFO             |        -|      -|       -|      -|    -|
|Instance         |        -|      -|       -|      -|    -|
|Memory           |        -|      -|       -|      -|    -|
|Multiplexer      |        -|      -|       -|     54|    -|
|Register         |        -|      -|      74|      -|    -|
+-----------------+---------+-------+--------+-------+-----+
|Total            |        0|      0|      74|    162|    0|
+-----------------+---------+-------+--------+-------+-----+
|Available        |      280|    220|  106400|  53200|    0|
+-----------------+---------+-------+--------+-------+-----+
|Utilization (%)  |        0|      0|   ~0   |   ~0  |    0|
+-----------------+---------+-------+--------+-------+-----+

+ Detail: 
    * Instance: 
    N/A

    * DSP48E: 
    N/A

    * Memory: 
    N/A

    * FIFO: 
    N/A

    * Expression: 
    +---------------------+----------+-------+---+----+------------+------------+
    |    Variable Name    | Operation| DSP48E| FF| LUT| Bitwidth P0| Bitwidth P1|
    +---------------------+----------+-------+---+----+------------+------------+
    |add_ln43_fu_106_p2   |     +    |      0|  0|  19|          14|           7|
    |add_ln47_fu_140_p2   |     +    |      0|  0|  19|          14|          14|
    |i_fu_118_p2          |     +    |      0|  0|  15|           7|           1|
    |j_fu_130_p2          |     +    |      0|  0|  15|           7|           1|
    |icmp_ln43_fu_112_p2  |   icmp   |      0|  0|  11|           7|           6|
    |icmp_ln45_fu_124_p2  |   icmp   |      0|  0|  11|           7|           6|
    |icmp_ln47_fu_151_p2  |   icmp   |      0|  0|  18|          32|           8|
    +---------------------+----------+-------+---+----+------------+------------+
    |Total                |          |      0|  0| 108|          88|          43|
    +---------------------+----------+-------+---+----+------------+------------+

    * Multiplexer: 
    +----------------+----+-----------+-----+-----------+
    |      Name      | LUT| Input Size| Bits| Total Bits|
    +----------------+----+-----------+-----+-----------+
    |ap_NS_fsm       |  27|          5|    1|          5|
    |i_0_reg_72      |   9|          2|    7|         14|
    |j_0_reg_95      |   9|          2|    7|         14|
    |phi_mul_reg_83  |   9|          2|   14|         28|
    +----------------+----+-----------+-----+-----------+
    |Total           |  54|         11|   29|         61|
    +----------------+----+-----------+-----+-----------+

    * Register: 
    +---------------------+----+----+-----+-----------+
    |         Name        | FF | LUT| Bits| Const Bits|
    +---------------------+----+----+-----+-----------+
    |add_ln43_reg_162     |  14|   0|   14|          0|
    |ap_CS_fsm            |   4|   0|    4|          0|
    |i_0_reg_72           |   7|   0|    7|          0|
    |i_reg_170            |   7|   0|    7|          0|
    |j_0_reg_95           |   7|   0|    7|          0|
    |j_reg_178            |   7|   0|    7|          0|
    |phi_mul_reg_83       |  14|   0|   14|          0|
    |zext_ln47_1_reg_183  |  14|   0|   64|         50|
    +---------------------+----+----+-----+-----------+
    |Total                |  74|   0|  124|         50|
    +---------------------+----+----+-----+-----------+



================================================================
== Interface
================================================================
* Summary: 
+------------+-----+-----+------------+--------------+--------------+
|  RTL Ports | Dir | Bits|  Protocol  | Source Object|    C Type    |
+------------+-----+-----+------------+--------------+--------------+
|ap_clk      |  in |    1| ap_ctrl_hs |    binaryf   | return value |
|ap_rst      |  in |    1| ap_ctrl_hs |    binaryf   | return value |
|ap_start    |  in |    1| ap_ctrl_hs |    binaryf   | return value |
|ap_done     | out |    1| ap_ctrl_hs |    binaryf   | return value |
|ap_idle     | out |    1| ap_ctrl_hs |    binaryf   | return value |
|ap_ready    | out |    1| ap_ctrl_hs |    binaryf   | return value |
|a_address0  | out |   14|  ap_memory |       a      |     array    |
|a_ce0       | out |    1|  ap_memory |       a      |     array    |
|a_q0        |  in |   32|  ap_memory |       a      |     array    |
|b_address0  | out |   14|  ap_memory |       b      |     array    |
|b_ce0       | out |    1|  ap_memory |       b      |     array    |
|b_we0       | out |    1|  ap_memory |       b      |     array    |
|b_d0        | out |   32|  ap_memory |       b      |     array    |
+------------+-----+-----+------------+--------------+--------------+

